<?xml version="1.0" encoding="UTF-8"?>

<!-- Generated by takari-plugin-tools -->

<plugin>
  <name>plugin-descriptor-basic</name>
  <groupId>io.takari.lifecycle.uts</groupId>
  <artifactId>plugin-descriptor-basic</artifactId>
  <version>0.1</version>
  <goalPrefix>descriptor-basic</goalPrefix>
  <isolatedRealm>false</isolatedRealm>
  <inheritedByDefault>true</inheritedByDefault>
  <mojos>
    <mojo>
      <goal>basic</goal>
      <requiresDirectInvocation>false</requiresDirectInvocation>
      <requiresProject>true</requiresProject>
      <requiresReports>false</requiresReports>
      <aggregator>false</aggregator>
      <requiresOnline>false</requiresOnline>
      <inheritedByDefault>true</inheritedByDefault>
      <threadSafe>false</threadSafe>
      <implementation>io.takari.lifecycle.uts.plugindescriptor.BasicMojo</implementation>
      <language>java</language>
      <instantiationStrategy>per-lookup</instantiationStrategy>
      <executionStrategy>once-per-session</executionStrategy>
      <parameters>
        <parameter>
          <name>parameter</name>
          <type>java.lang.String</type>
          <required>false</required>
          <editable>true</editable>
        </parameter>
        <parameter>
          <name>parameterWithConfiguration</name>
          <type>java.lang.String</type>
          <required>false</required>
          <editable>true</editable>
        </parameter>
        <parameter>
          <name>parameterWithPropertyAndDefaultValue</name>
          <type>boolean</type>
          <required>false</required>
          <editable>true</editable>
        </parameter>
      </parameters>
      <configuration>
        <parameterWithConfiguration implementation="java.lang.String" default-value="${project.artifactId}"/>
        <parameterWithPropertyAndDefaultValue implementation="boolean" default-value="false">${property}</parameterWithPropertyAndDefaultValue>
      </configuration>
      <requirements>
        <requirement>
          <role>io.takari.lifecycle.uts.plugindescriptor.ComponentClass</role>
          <field-name>component</field-name>
        </requirement>
      </requirements>
    </mojo>
  </mojos>
  <dependencies/>
</plugin>