<?xml version="1.0" encoding="UTF-8"?>
<mojos>
  <mojo>
    <superclasses>
      <superclasse>org.apache.maven.plugin.AbstractMojo</superclasse>
    </superclasses>
    <implementation>io.takari.lifecycle.uts.plugindescriptor.AbstractExternalMojo</implementation>
    <parameters>
      <parameter>
        <name>inheritedExternalParameter</name>
        <type>java.lang.String</type>
        <editable>true</editable>
        <description>inherited external parameter</description>
      </parameter>
    </parameters>
    <requirements>
      <requirement>
        <fieldName>inheritedExternalComponent</fieldName>
        <role>io.takari.lifecycle.uts.plugindescriptor.ComponentClass</role>
        <roleHint></roleHint>
      </requirement>
    </requirements>
  </mojo>
</mojos>
