<?xml version="1.0" encoding="UTF-8"?>

<!-- Generated by takari-plugin-tools -->

<plugin>
  <name>plugin-descriptor-inheritance</name>
  <groupId>io.takari.lifecycle.uts</groupId>
  <artifactId>plugin-descriptor-inheritance</artifactId>
  <version>0.1</version>
  <goalPrefix>descriptor-inheritance</goalPrefix>
  <isolatedRealm>false</isolatedRealm>
  <inheritedByDefault>true</inheritedByDefault>
  <mojos>
    <mojo>
      <goal>a</goal>
      <requiresDirectInvocation>false</requiresDirectInvocation>
      <requiresProject>true</requiresProject>
      <requiresReports>false</requiresReports>
      <aggregator>false</aggregator>
      <requiresOnline>false</requiresOnline>
      <inheritedByDefault>true</inheritedByDefault>
      <threadSafe>false</threadSafe>
      <implementation>io.takari.lifecycle.uts.plugindescriptor.ConcreteA</implementation>
      <language>java</language>
      <instantiationStrategy>per-lookup</instantiationStrategy>
      <executionStrategy>once-per-session</executionStrategy>
      <parameters>
        <parameter>
          <name>parameter</name>
          <type>java.lang.String</type>
          <required>false</required>
          <editable>true</editable>
        </parameter>
      </parameters>
      <requirements>
        <requirement>
          <role>io.takari.lifecycle.uts.plugindescriptor.ComponentClass</role>
          <field-name>component</field-name>
        </requirement>
      </requirements>
    </mojo>
    <mojo>
      <goal>b</goal>
      <requiresDirectInvocation>false</requiresDirectInvocation>
      <requiresProject>true</requiresProject>
      <requiresReports>false</requiresReports>
      <aggregator>false</aggregator>
      <requiresOnline>false</requiresOnline>
      <inheritedByDefault>true</inheritedByDefault>
      <threadSafe>false</threadSafe>
      <implementation>io.takari.lifecycle.uts.plugindescriptor.ConcreteB</implementation>
      <language>java</language>
      <instantiationStrategy>per-lookup</instantiationStrategy>
      <executionStrategy>once-per-session</executionStrategy>
      <parameters/>
      <requirements>
        <requirement>
          <role>io.takari.lifecycle.uts.plugindescriptor.ComponentClass</role>
          <field-name>component</field-name>
        </requirement>
        <requirement>
          <role>java.lang.Object</role>
          <field-name>parameter</field-name>
        </requirement>
      </requirements>
    </mojo>
  </mojos>
  <dependencies/>
</plugin>