<?xml version="1.0" encoding="UTF-8"?>

<!-- Generated by PluginDescriptorMojo -->

<lifecycleMappingMetadata>
  <pluginExecutions>
    <pluginExecution>
      <pluginExecutionFilter>
        <goals>
          <goal>basic-builder</goal>
        </goals>
      </pluginExecutionFilter>
      <action>
        <configurator>
          <id>io.takari.m2e.incrementalbuild.builderMojoExecutionConfigurator</id>
        </configurator>
      </action>
    </pluginExecution>
  </pluginExecutions>
</lifecycleMappingMetadata>