<?xml version="1.0" encoding="UTF-8"?>

<!-- Generated by takari-plugin-tools -->

<plugin>
  <name>plugin-descriptor-basic-builder</name>
  <groupId>io.takari.lifecycle.uts</groupId>
  <artifactId>plugin-descriptor-basic-builder</artifactId>
  <version>0.1</version>
  <goalPrefix>descriptor-basic-builder</goalPrefix>
  <isolatedRealm>false</isolatedRealm>
  <inheritedByDefault>true</inheritedByDefault>
  <mojos>
    <mojo>
      <goal>basic-builder</goal>
      <requiresDirectInvocation>false</requiresDirectInvocation>
      <requiresProject>true</requiresProject>
      <requiresReports>false</requiresReports>
      <aggregator>false</aggregator>
      <requiresOnline>false</requiresOnline>
      <inheritedByDefault>true</inheritedByDefault>
      <threadSafe>false</threadSafe>
      <implementation>io.takari.lifecycle.uts.plugindescriptor.BasicBuilder</implementation>
      <language>java</language>
      <instantiationStrategy>per-lookup</instantiationStrategy>
      <executionStrategy>once-per-session</executionStrategy>
      <parameters>
        <parameter>
          <name>__internal_execution</name>
          <type>org.apache.maven.plugin.MojoExecution</type>
          <required>false</required>
          <editable>false</editable>
        </parameter>
        <parameter>
          <name>__internal_project</name>
          <type>org.apache.maven.project.MavenProject</type>
          <required>false</required>
          <editable>false</editable>
        </parameter>
        <parameter>
          <name>__internal_session</name>
          <type>org.apache.maven.execution.MavenSession</type>
          <required>false</required>
          <editable>false</editable>
        </parameter>
      </parameters>
      <configuration>
        <__internal_execution implementation="org.apache.maven.plugin.MojoExecution" default-value="${mojo}"/>
        <__internal_project implementation="org.apache.maven.project.MavenProject" default-value="${project}"/>
        <__internal_session implementation="org.apache.maven.execution.MavenSession" default-value="${session}"/>
      </configuration>
    </mojo>
  </mojos>
  <dependencies/>
</plugin>