<?xml version="1.0" encoding="UTF-8"?>
<mojos>
  <mojo>
    <superclasses>
      <superclasse>io.takari.lifecycle.uts.plugindescriptor.LegacyMojo</superclasse>
      <superclasse>org.apache.maven.plugin.AbstractMojo</superclasse>
    </superclasses>
    <goal>modern</goal>
    <requiresProject>true</requiresProject>
    <inheritedByDefault>true</inheritedByDefault>
    <phase></phase>
    <implementation>io.takari.lifecycle.uts.plugindescriptor.ModernMojo</implementation>
    <language>java</language>
    <instantiationStrategy>per-lookup</instantiationStrategy>
    <executionStrategy>once-per-session</executionStrategy>
    <parameters>
      <parameter>
        <name>parameter</name>
        <type>java.lang.String</type>
        <editable>true</editable>
        <description>parameter</description>
      </parameter>
    </parameters>
  </mojo>
</mojos>
