<?xml version="1.0" encoding="UTF-8"?>

<!-- Generated by takari-plugin-tools -->

<plugin>
  <name>plugin-descriptor-plugin</name>
  <groupId>io.takari.lifecycle.uts</groupId>
  <artifactId>plugin-descriptor-plugin</artifactId>
  <version>0.1</version>
  <goalPrefix>descriptor</goalPrefix>
  <isolatedRealm>false</isolatedRealm>
  <inheritedByDefault>true</inheritedByDefault>
  <mojos>
    <mojo>
      <goal>modern</goal>
      <requiresDirectInvocation>false</requiresDirectInvocation>
      <requiresProject>true</requiresProject>
      <requiresReports>false</requiresReports>
      <aggregator>false</aggregator>
      <requiresOnline>false</requiresOnline>
      <inheritedByDefault>true</inheritedByDefault>
      <threadSafe>false</threadSafe>
      <implementation>io.takari.lifecycle.uts.plugindescriptor.ModernMojo</implementation>
      <language>java</language>
      <instantiationStrategy>per-lookup</instantiationStrategy>
      <executionStrategy>once-per-session</executionStrategy>
      <parameters>
        <parameter>
          <name>inheritedLegacyParameter</name>
          <type>java.lang.String</type>
          <required>false</required>
          <editable>true</editable>
          <description>inherited legacy parameter</description>
        </parameter>
        <parameter>
          <name>parameter</name>
          <type>java.lang.String</type>
          <required>false</required>
          <editable>true</editable>
          <description>parameter</description>
        </parameter>
      </parameters>
      <configuration>
        <inheritedLegacyParameter implementation="java.lang.String" default-value="default-value"/>
      </configuration>
    </mojo>
  </mojos>
  <dependencies/>
</plugin>